#メニュー
index.php

#製番管理
seiban_kanri2/cyuban_soneki_disp.php?cd_bumon=IJA02&kb_nendo=2022S
seiban_kanri2/cyuban_soneki_grid.php?cd_bumon=IJA02&kb_nendo=2022S
seiban_kanri2/cyuban_soneki_excel_make.php?cd_bumon=IJA02&kb_nendo=2022S
seiban_kanri2/cyuban_soneki_chart_make.php?cd_bumon=IJA02&kb_nendo=2022S

seiban_kanri2/cyuban_soneki_disp.php?cd_bumon=all&kb_nendo=2022S
seiban_kanri2/cyuban_soneki_grid.php?cd_bumon=all&kb_nendo=2022S
seiban_kanri2/cyuban_soneki_excel_make.php?cd_bumon=all&kb_nendo=2022S
seiban_kanri2/cyuban_soneki_chart_make.php?cd_bumon=all&kb_nendo=2022S

seiban_kanri2/cyuban_soneki_excel_read.php?cd_bumon=IJA02&kb_nendo=2022S

#製番別詳細
seiban_kanri2/koban_soneki_disp.php?no_cyu=IRA00370
seiban_kanri2/koban_soneki_grid1.php?no_cyu=IRA00370
seiban_kanri2/koban_soneki_grid2.php?no_cyu=IRA00370
seiban_kanri2/koban_soneki_excel_make.php?no_cyu=IRA00370
seiban_kanri2/koban_soneki_chart_make.php?no_cyu=IRA00370

seiban_kanri2/koban_soneki_disp.php?no_cyu=904&fg_project=1
seiban_kanri2/koban_soneki_grid1.php?no_cyu=904&fg_project=1
seiban_kanri2/koban_soneki_grid2.php?no_cyu=904&fg_project=1
seiban_kanri2/koban_soneki_disp.php?no_cyu=904&fg_project=1&fg_koban=1
seiban_kanri2/koban_soneki_grid1.php?no_cyu=904&fg_project=1&fg_koban=1
seiban_kanri2/koban_soneki_grid2.php?no_cyu=904&fg_project=1&fg_koban=1

#調整値設定
seiban_kanri2/koban_tyousei_disp.php?no_cyu=IRA00370

#製番別注入
seiban_kanri2/cyunyu_inf_disp.php?no_cyu=IRA00370&no_ko=JA001&fg_crt=0
seiban_kanri2/cyunyu_inf_grid1.php?no_cyu=IRA00370&no_ko=JA001&fg_crt=0
seiban_kanri2/cyunyu_inf_disp.php?no_cyu=IRA00370&no_ko=JA001&fg_crt=1
seiban_kanri2/cyunyu_inf_grid2.php?no_cyu=IRA00370&no_ko=JA001&fg_crt=1

#プロジェクト管理
project_inf/project_inf_disp.php
project_inf/project_inf_grid.php
project_inf/project_inf_excel_make.php?no_project=904

#プロジェクト編集
project_inf/project_cyuban_disp.php?no_project=904
project_inf/project_cyuban_grid.php

#製番計画
seiban_keikaku2/seiban_keikaku_disp.php?cd_bumon=IJA02
seiban_keikaku2/seiban_keikaku_grid.php?cd_bumon=IJA02
seiban_keikaku2/seiban_keikaku_excel_make.php?cd_bumon=IJA02

seiban_keikaku2/seiban_keikaku_disp.php?cd_bumon=all
seiban_keikaku2/seiban_keikaku_grid.php?cd_bumon=all
seiban_keikaku2/seiban_keikaku_excel_make.php?cd_bumon=all

#直課計画立案
cyokka_rituan2/cyokka_rituan_disp.php?cd_bumon=IJA02&kb_nendo=2022S

#負荷山管理
fukayama_kanri2/fukayama_inf_disp.php?cd_bumon=IJA02&kb_nendo=2022S
fukayama_kanri2/fukayama_inf_grid.php?cd_bumon=IJA02&kb_nendo=2022S
fukayama_kanri2/fukayama_inf_excel_make.php?cd_bumon=IJA02&kb_nendo=2022S
fukayama_kanri2/fukayama_inf_chart_make.php?cd_bumon=IJA02&kb_nendo=2022S

fukayama_kanri2/fukayama_inf_disp.php?cd_bumon=all&kb_nendo=2022S
fukayama_kanri2/fukayama_inf_grid.php?cd_bumon=all&kb_nendo=2022S
fukayama_kanri2/fukayama_inf_excel_make.php?cd_bumon=all&kb_nendo=2022S
fukayama_kanri2/fukayama_inf_chart_make.php?cd_bumon=all&kb_nendo=2022S

#直課計画
seiban_keikaku2/cyokka_tanto_disp.php?cd_bumon=IKA02
seiban_keikaku2/cyokka_tanto_grid.php?cd_bumon=IKA02
seiban_keikaku2/cyokka_tanto_excel_make.php?cd_bumon=IKA02

seiban_keikaku2/cyokka_tanto_disp.php?cd_bumon=all
seiban_keikaku2/cyokka_tanto_grid.php?cd_bumon=all
seiban_keikaku2/cyokka_tanto_excel_make.php?cd_bumon=all

#負荷実績
cyokka_jisseki2/cyokka_jisseki_disp.php?cd_bumon=IJA02&kb_nendo=2022S&dt_yyyymm=202210
cyokka_jisseki2/cyokka_jisseki_grid1.php?cd_bumon=IJA02&kb_nendo=2022S&dt_yyyymm=202210
cyokka_jisseki2/cyokka_jisseki_grid2.php?cd_bumon=IJA02&kb_nendo=2022S&dt_yyyymm=202210
cyokka_jisseki2/cyokka_jisseki_excel_make.php?cd_bumon=IJA02&kb_nendo=2022S&dt_yyyymm=202210

cyokka_jisseki2/cyokka_jisseki_disp.php?cd_bumon=all&kb_nendo=2022S&dt_yyyymm=202210
cyokka_jisseki2/cyokka_jisseki_grid1.php?cd_bumon=all&kb_nendo=2022S&dt_yyyymm=202210
cyokka_jisseki2/cyokka_jisseki_grid2.php?cd_bumon=all&kb_nendo=2022S&dt_yyyymm=202210
cyokka_jisseki2/cyokka_jisseki_excel_make.php?cd_bumon=all&kb_nendo=2022S&dt_yyyymm=202210

#当月直課
cyokka_jisseki2/tougetu_cyokka_disp.php?cd_bumon=IJA02
cyokka_jisseki2/tougetu_cyokka_grid.php?cd_bumon=IJA02
cyokka_jisseki2/tougetu_cyokka_excel_make.php?cd_bumon=IJA02

cyokka_jisseki2/tougetu_cyokka_disp.php?cd_bumon=all
cyokka_jisseki2/tougetu_cyokka_grid.php?cd_bumon=all
cyokka_jisseki2/tougetu_cyokka_excel_make.php?cd_bumon=all

#登録勤務
kinmu_inf/touroku_kinmu_disp.php?cd_bumon=IJA02&kb_nendo=2022S&dt_yyyymm=202210
kinmu_inf/touroku_kinmu_grid.php?cd_bumon=IJA02&kb_nendo=2022S&dt_yyyymm=202210
kinmu_inf/touroku_kinmu_excel_make.php?cd_bumon=IJA02&kb_nendo=2022S&dt_yyyymm=202210

kinmu_inf/touroku_kinmu_disp.php?cd_bumon=all&kb_nendo=2022S&dt_yyyymm=202210
kinmu_inf/touroku_kinmu_grid.php?cd_bumon=all&kb_nendo=2022S&dt_yyyymm=202210
kinmu_inf/touroku_kinmu_excel_make.php?cd_bumon=all&kb_nendo=2022S&dt_yyyymm=202210

#非直課管理
hicyokka_kanri/hicyokka_inf_disp.php?cd_bumon=IJA02&kb_nendo=2022S&dt_yyyymm=202210
hicyokka_kanri/hicyokka_inf_grid.php?cd_bumon=IJA02&kb_nendo=2022S&dt_yyyymm=202210
hicyokka_kanri/hicyokka_inf_excel_make.php?cd_bumon=IJA02&kb_nendo=2022S&dt_yyyymm=202210

hicyokka_kanri/hicyokka_inf_disp.php?cd_bumon=all&kb_nendo=2022S&dt_yyyymm=202210
hicyokka_kanri/hicyokka_inf_grid.php?cd_bumon=all&kb_nendo=2022S&dt_yyyymm=202210
hicyokka_kanri/hicyokka_inf_excel_make.php?cd_bumon=all&kb_nendo=2022S&dt_yyyymm=202210

#調達管理
tyotatu_inf/tyotatu_inf_disp.php?cd_bumon=IJA02
tyotatu_inf/tyotatu_inf_grid1.php?cd_bumon=IJA02
tyotatu_inf/tyotatu_inf_disp.php?cd_bumon=IJA02&fg_crt=1
tyotatu_inf/tyotatu_inf_grid2.php?cd_bumon=IJA02&fg_crt=1
tyotatu_inf/tyotatu_inf_excel_make.php?cd_bumon=IJA02

tyotatu_inf/tyotatu_inf_disp.php?cd_bumon=all
tyotatu_inf/tyotatu_inf_grid2.php?cd_bumon=all
tyotatu_inf/tyotatu_inf_disp.php?cd_bumon=all&fg_crt=1
tyotatu_inf/tyotatu_inf_grid2.php?cd_bumon=all&fg_crt=1
tyotatu_inf/tyotatu_inf_excel_make.php?cd_bumon=all

#調達集計
tyotatu_inf/tyotatu_syukei_disp.php?cd_bumon=IJA02&kb_nendo=2022S&dt_yyyymm=202210
tyotatu_inf/tyotatu_syukei_grid.php?cd_bumon=IJA02&kb_nendo=2022S&dt_yyyymm=202210
tyotatu_inf/tyotatu_syukei_excel_make.php?cd_bumon=IJA02&kb_nendo=2022S&dt_yyyymm=202210

tyotatu_inf/tyotatu_syukei_disp.php?cd_bumon=all&kb_nendo=2022S&dt_yyyymm=202210
tyotatu_inf/tyotatu_syukei_grid.php?cd_bumon=all&kb_nendo=2022S&dt_yyyymm=202210
tyotatu_inf/tyotatu_syukei_excel_make.php?cd_bumon=all&kb_nendo=2022S&dt_yyyymm=202210

#受給品管理
jyukyu_inf/jyukyu_kanri_disp.php?cd_bumon=IJA02&kb_nendo=2022S
jyukyu_inf/jyukyu_kanri_grid.php?cd_bumon=IJA02&kb_nendo=2022S
jyukyu_inf/jyukyu_kanri_excel_make.php?cd_bumon=IJA02&kb_nendo=2022S

jyukyu_inf/jyukyu_kanri_disp.php?cd_bumon=all&kb_nendo=2022S
jyukyu_inf/jyukyu_kanri_grid.php?cd_bumon=all&kb_nendo=2022S
jyukyu_inf/jyukyu_kanri_excel_make.php?cd_bumon=all&kb_nendo=2022S

#購入品払い出し
konyu_haraidasi2/haraidasi_inf_disp.php
konyu_haraidasi2/haraidasi_inf_grid.php
konyu_haraidasi2/haraidasi_inf_excel_make.php

#見積台帳
mitumori_inf2/mitumori_inf_disp.php?cd_bumon=IKA00&kb_nendo=2022S
mitumori_inf2/mitumori_inf_grid.php?cd_bumon=IKA00&kb_nendo=2022S
mitumori_inf2/mitumori_inf_excel_make.php?cd_bumon=IKA00&kb_nendo=2022S

mitumori_inf2/mitumori_inf_disp.php?cd_bumon=all&kb_nendo=2022S
mitumori_inf2/mitumori_inf_grid.php?cd_bumon=all&kb_nendo=2022S
mitumori_inf2/mitumori_inf_excel_make.php?cd_bumon=all&kb_nendo=2022S

mitumori_inf2/mitumori_inf_disp.php?cd_bumon=IKA00&kb_nendo=all
mitumori_inf2/mitumori_inf_grid.php?cd_bumon=IKA00&kb_nendo=all
mitumori_inf2/mitumori_inf_excel_make.php?cd_bumon=IKA00&kb_nendo=all

#見積編集
mitumori_inf2/mitumori_cyuban_disp.php?no_mitumori=KE-191075
mitumori_inf2/mitumori_cyuban_excel_make.php?no_mitumori=KE-191075

mitumori_inf2/mitumori_cyuban_excel_read.php?no_mitumori=KE-191075

#見積編集図書リンク
mitumori_inf2/mitumori_bookmark_disp.php?no_mitumori=KE-191075
mitumori_inf2/mitumori_bookmark_grid.php?no_mitumori=KE-191075

#営業別プロスペクト
prospect_inf/eigyo_prospect_disp.php?cd_bumon=IKA00&kb_nendo=2022S
prospect_inf/eigyo_prospect_grid.php?cd_bumon=IKA00&kb_nendo=2022S
prospect_inf/eigyo_prospect_excel_make.php?cd_bumon=IKA00&kb_nendo=2022S

prospect_inf/eigyo_prospect_disp.php?cd_bumon=all&kb_nendo=2022S
prospect_inf/eigyo_prospect_grid.php?cd_bumon=all&kb_nendo=2022S
prospect_inf/eigyo_prospect_excel_make.php?cd_bumon=all&kb_nendo=2022S

#製造別プロスペクト
prospect_inf/seizo_prospect_disp.php?cd_bumon=IJA00&kb_nendo=2022S
prospect_inf/seizo_prospect_grid.php?cd_bumon=IJA00&kb_nendo=2022S
prospect_inf/seizo_prospect_excel_make.php?cd_bumon=IJA00&kb_nendo=2022S

prospect_inf/seizo_prospect_disp.php?cd_bumon=all&kb_nendo=2022S
prospect_inf/seizo_prospect_grid.php?cd_bumon=all&kb_nendo=2022S
prospect_inf/seizo_prospect_excel_make.php?cd_bumon=all&kb_nendo=2022S

#プロスペクト注番
prospect_cyuban/prospect_inf_disp.php?cd_bumon=IJA02&kb_nendo=2022S
prospect_cyuban/prospect_inf_grid.php?cd_bumon=IJA02&kb_nendo=2022S
prospect_cyuban/prospect_inf_excel_make.php?cd_bumon=IJA02&kb_nendo=2022S

prospect_cyuban/prospect_inf_disp.php?cd_bumon=all&kb_nendo=2022S
prospect_cyuban/prospect_inf_grid.php?cd_bumon=all&kb_nendo=2022S
prospect_cyuban/prospect_inf_excel_make.php?cd_bumon=all&kb_nendo=2022S

#プロスペクト編集
prospect_cyuban/prospect_cyuban_disp.php?no_cyu=IJA22S0A

#実製番昇格
seiban_furikae2/seiban_furikae_disp.php?cd_bumon=IJA02
seiban_furikae2/seiban_furikae_grid.php?cd_bumon=IJA02
seiban_furikae2/seiban_furikae_grid2.php?cd_bumon=IJA02

seiban_furikae2/seiban_furikae_disp.php?cd_bumon=all
seiban_furikae2/seiban_furikae_grid.php?cd_bumon=all
seiban_furikae2/seiban_furikae_grid2.php?cd_bumon=all

#注番管理
cyuban_kanri/cyuban_inf_disp.php?cd_bumon=IJA00&kb_nendo=2022S
cyuban_kanri/cyuban_inf_grid.php?cd_bumon=IJA00&kb_nendo=2022S
cyuban_kanri/cyuban_inf_excel_make.php?cd_bumon=IJA00&kb_nendo=2022S
cyuban_kanri/cyuban_inf_chart_make.php?cd_bumon=IJA00&kb_nendo=2022S

cyuban_kanri/cyuban_inf_disp.php?cd_bumon=all&kb_nendo=2022S
cyuban_kanri/cyuban_inf_grid.php?cd_bumon=all&kb_nendo=2022S
cyuban_kanri/cyuban_inf_excel_make.php?cd_bumon=all&kb_nendo=2022S
cyuban_kanri/cyuban_inf_chart_make.php?cd_bumon=all&kb_nendo=2022S

#発番未承認
alarm_kanri2/alarm_kanri_disp.php?cd_bumon=IJA02&cd_type=1
alarm_kanri2/alarm_kanri_grid.php?cd_bumon=IJA02&cd_type=1
alarm_kanri2/alarm_kanri_excel_make.php?cd_bumon=IJA02&cd_type=1

alarm_kanri2/alarm_kanri_disp.php?cd_bumon=all&cd_type=1
alarm_kanri2/alarm_kanri_grid.php?cd_bumon=all&cd_type=1
alarm_kanri2/alarm_kanri_excel_make.php?cd_bumon=all&cd_type=1

#注入計画未登録
alarm_kanri2/alarm_kanri_disp.php?cd_bumon=IJA02&cd_type=2
alarm_kanri2/alarm_kanri_grid.php?cd_bumon=IJA02&cd_type=2
alarm_kanri2/alarm_kanri_excel_make.php?cd_bumon=IJA02&cd_type=2

alarm_kanri2/alarm_kanri_disp.php?cd_bumon=all&cd_type=2
alarm_kanri2/alarm_kanri_grid.php?cd_bumon=all&cd_type=2
alarm_kanri2/alarm_kanri_excel_make.php?cd_bumon=all&cd_type=2

#製番実績未注入
alarm_kanri2/alarm_kanri_disp.php?cd_bumon=IJA02&cd_type=3
alarm_kanri2/alarm_kanri_grid.php?cd_bumon=IJA02&cd_type=3
alarm_kanri2/alarm_kanri_excel_make.php?cd_bumon=IJA02&cd_type=3

alarm_kanri2/alarm_kanri_disp.php?cd_bumon=all&cd_type=3
alarm_kanri2/alarm_kanri_grid.php?cd_bumon=all&cd_type=3
alarm_kanri2/alarm_kanri_excel_make.php?cd_bumon=all&cd_type=3

#製番実績値>計画値
alarm_kanri2/alarm_kanri_disp.php?cd_bumon=IJA02&cd_type=4
alarm_kanri2/alarm_kanri_grid.php?cd_bumon=IJA02&cd_type=4
alarm_kanri2/alarm_kanri_excel_make.php?cd_bumon=IJA02&cd_type=4

alarm_kanri2/alarm_kanri_disp.php?cd_bumon=all&cd_type=4
alarm_kanri2/alarm_kanri_grid.php?cd_bumon=all&cd_type=4
alarm_kanri2/alarm_kanri_excel_make.php?cd_bumon=all&cd_type=4

#製番損益マイナス
alarm_kanri2/alarm_kanri_disp.php?cd_bumon=IJA02&cd_type=5
alarm_kanri2/alarm_kanri_grid.php?cd_bumon=IJA02&cd_type=5
alarm_kanri2/alarm_kanri_excel_make.php?cd_bumon=IJA02&cd_type=5

alarm_kanri2/alarm_kanri_disp.php?cd_bumon=all&cd_type=5
alarm_kanri2/alarm_kanri_grid.php?cd_bumon=all&cd_type=5
alarm_kanri2/alarm_kanri_excel_make.php?cd_bumon=all&cd_type=5

#製番未完成
alarm_kanri2/alarm_kanri_disp.php?cd_bumon=IJA02&cd_type=6
alarm_kanri2/alarm_kanri_grid.php?cd_bumon=IJA02&cd_type=6
alarm_kanri2/alarm_kanri_excel_make.php?cd_bumon=IJA02&cd_type=6

alarm_kanri2/alarm_kanri_disp.php?cd_bumon=all&cd_type=6
alarm_kanri2/alarm_kanri_grid.php?cd_bumon=all&cd_type=6
alarm_kanri2/alarm_kanri_excel_make.php?cd_bumon=all&cd_type=6

#WF未登録
alarm_kanri2/alarm_kanri_disp.php?cd_bumon=IJA02&cd_type=7
alarm_kanri2/alarm_kanri_grid.php?cd_bumon=IJA02&cd_type=7
alarm_kanri2/alarm_kanri_excel_make.php?cd_bumon=IJA02&cd_type=7

alarm_kanri2/alarm_kanri_disp.php?cd_bumon=all&cd_type=7
alarm_kanri2/alarm_kanri_grid.php?cd_bumon=all&cd_type=7
alarm_kanri2/alarm_kanri_excel_make.php?cd_bumon=all&cd_type=7

#WF進捗遅れ
alarm_kanri2/alarm_kanri_disp.php?cd_bumon=IJA02&cd_type=8
alarm_kanri2/alarm_kanri_grid.php?cd_bumon=IJA02&cd_type=8
alarm_kanri2/alarm_kanri_excel_make.php?cd_bumon=IJA02&cd_type=8

alarm_kanri2/alarm_kanri_disp.php?cd_bumon=all&cd_type=8
alarm_kanri2/alarm_kanri_grid.php?cd_bumon=all&cd_type=8
alarm_kanri2/alarm_kanri_excel_make.php?cd_bumon=all&cd_type=8

#WF実績未登録
alarm_kanri2/alarm_kanri_disp.php?cd_bumon=IJA02&cd_type=9
alarm_kanri2/alarm_kanri_grid.php?cd_bumon=IJA02&cd_type=9
alarm_kanri2/alarm_kanri_excel_make.php?cd_bumon=IJA02&cd_type=9

alarm_kanri2/alarm_kanri_disp.php?cd_bumon=all&cd_type=9
alarm_kanri2/alarm_kanri_grid.php?cd_bumon=all&cd_type=9
alarm_kanri2/alarm_kanri_excel_make.php?cd_bumon=all&cd_type=9

#クレーム未更新
alarm_kanri2/alarm_kanri_disp.php?cd_bumon=IJA02&cd_type=10
alarm_kanri2/alarm_kanri_grid.php?cd_bumon=IJA02&cd_type=10
alarm_kanri2/alarm_kanri_excel_make.php?cd_bumon=IJA02&cd_type=10

alarm_kanri2/alarm_kanri_disp.php?cd_bumon=all&cd_type=10
alarm_kanri2/alarm_kanri_grid.php?cd_bumon=all&cd_type=10
alarm_kanri2/alarm_kanri_excel_make.php?cd_bumon=all&cd_type=10

#当月完成後注入
alarm_kanri2/alarm_kanri_disp.php?cd_bumon=IJA02&cd_type=11
alarm_kanri2/alarm_kanri_grid.php?cd_bumon=IJA02&cd_type=11
alarm_kanri2/alarm_kanri_excel_make.php?cd_bumon=IJA02&cd_type=11

alarm_kanri2/alarm_kanri_disp.php?cd_bumon=all&cd_type=11
alarm_kanri2/alarm_kanri_grid.php?cd_bumon=all&cd_type=11
alarm_kanri2/alarm_kanri_excel_make.php?cd_bumon=all&cd_type=11

#完成予定日異常
alarm_kanri2/alarm_kanri_disp.php?cd_bumon=IJA02&cd_type=12
alarm_kanri2/alarm_kanri_grid.php?cd_bumon=IJA02&cd_type=12
alarm_kanri2/alarm_kanri_excel_make.php?cd_bumon=IJA02&cd_type=12

alarm_kanri2/alarm_kanri_disp.php?cd_bumon=all&cd_type=12
alarm_kanri2/alarm_kanri_grid.php?cd_bumon=all&cd_type=12
alarm_kanri2/alarm_kanri_excel_make.php?cd_bumon=all&cd_type=12

#注番未売上
alarm_kanri2/alarm_kanri_disp.php?cd_bumon=IJA02&cd_type=13
alarm_kanri2/alarm_kanri_grid.php?cd_bumon=IJA02&cd_type=13
alarm_kanri2/alarm_kanri_excel_make.php?cd_bumon=IJA02&cd_type=13

alarm_kanri2/alarm_kanri_disp.php?cd_bumon=all&cd_type=13
alarm_kanri2/alarm_kanri_grid.php?cd_bumon=all&cd_type=13
alarm_kanri2/alarm_kanri_excel_make.php?cd_bumon=all&cd_type=13

#ワークフロー
wf_new2/wf_new_disp.php?cd_bumon=IKA02&kb_nendo=2022S
wf_new2/wf_new_grid.php?cd_bumon=IKA02&kb_nendo=2022S
wf_new2/wf_new_calendar.php?cd_bumon=IKA02&kb_nendo=2022S
wf_new2/wf_new_excel_make.php?cd_bumon=IKA02&kb_nendo=2022S

wf_new2/wf_new_disp.php?cd_bumon=all&kb_nendo=2022S
wf_new2/wf_new_grid.php?cd_bumon=all&kb_nendo=2022S
wf_new2/wf_new_calendar.php?cd_bumon=all&kb_nendo=2022S
wf_new2/wf_new_excel_make.php?cd_bumon=all&kb_nendo=2022S

wf_new2/wf_new_excel_read.php?cd_bumon=IKA02&kb_nendo=2022S

#ワークフロー詳細
wf_new2/wf_seiban_disp.php?no_cyu=IRA00370&no_page=0
wf_new2/wf_seiban_grid.php?no_cyu=IRA00370&no_page=0
wf_new2/wf_seiban_excel_make.php?no_cyu=IRA00370&no_page=0

#懸案登録
wf_kennann/wf_kennann_toroku_disp.php?no_cyu=IKA000F0&no_page=0
wf_kennann/wf_kennann_toroku_grid.php?no_cyu=IKA000F0&no_page=0
wf_kennann/wf_kennann_toroku_excel_make.php?no_cyu=IKA000F0&no_page=0

wf_kennann/wf_kennann_toroku_excel_read.php?no_cyu=IKA000F0&no_page=0

#問題点登録
mondaiten_inf2/mondaiten_toroku_disp.php?no_cyu=LS18320&no_page=0
mondaiten_inf2/mondaiten_toroku_grid.php?no_cyu=LS18320&no_page=0
mondaiten_inf2/mondaiten_toroku_excel_make.php?no_cyu=LS18320&no_page=0

#発注
tyotatu_inf/hattyu_inf_disp.php?no_cyu=IRA00370&no_page=0
tyotatu_inf/hattyu_inf_grid.php?no_cyu=IRA00370&no_page=0
tyotatu_inf/hattyu_inf_excel_make.php?no_cyu=IRA00370&no_page=0

#受給品
jyukyu_inf/jyukyu_inf_disp.php?no_cyu=SBE00CM0&no_page=0
jyukyu_inf/jyukyu_inf_grid.php?no_cyu=SBE00CM0&no_page=0
jyukyu_inf/jyukyu_inf_excel_make.php?no_cyu=SBE00CM0&no_page=0

#引当
zaiko_kanri/hikiate_inf_disp.php?no_cyu=IRA000E0&no_page=0
zaiko_kanri/hikiate_inf_grid.php?no_cyu=IRA000E0&no_page=0
zaiko_kanri/hikiate_inf_excel_make.php?no_cyu=IRA000E0&no_page=0

#払出申請
konyu_haraidasi2/haraidasi_sinsei_disp.php?no_cyu=IRA00370&no_page=0
konyu_haraidasi2/haraidasi_sinsei_grid.php?no_cyu=IRA00370&no_page=0
konyu_haraidasi2/haraidasi_sinsei_excel_make.php?no_cyu=IRA00370&no_page=0

#ワークフロー図書
wf_new2/wf_bookmark_disp.php?no_cyu=IRA00370&no_page=0
wf_new2/wf_bookmark_grid.php?no_cyu=IRA00370&no_page=0

#懸案管理
wf_kennann/wf_kennann_kanri_disp.php?cd_bumon=IJA02
wf_kennann/wf_kennann_kanri_grid.php?cd_bumon=IJA02
wf_kennann/wf_kennann_kanri_excel_make.php?cd_bumon=IJA02

wf_kennann/wf_kennann_kanri_disp.php?cd_bumon=all
wf_kennann/wf_kennann_kanri_grid.php?cd_bumon=all
wf_kennann/wf_kennann_kanri_excel_make.php?cd_bumon=all

#出荷管理
syukka_kanri/syukka_kanri_disp.php?kb_nendo=2022S
syukka_kanri/syukka_kanri_grid.php?kb_nendo=2022S
syukka_kanri/syukka_kanri_excel_make.php?kb_nendo=2022S

#クレーム情報
claim_inf/claim_inf_disp.php
claim_inf/claim_chart_disp.php
claim_inf/claim_inf_excel_make.php

#クレーム編集
claim_inf/claim_inf_disp_frame5.php?key1=IJA02&key2=2022S&key3=7

#クレーム詳細
claim_inf/claim_search_disp.php

#問題点分析
mondaiten_inf2/mondaiten_inf_disp.php?cd_bumon=IJA02&kb_nendo_s=2018K&kb_nendo_e=2022S
mondaiten_inf2/mondaiten_inf_grid.php?cd_bumon=IJA02&kb_nendo_s=2018K&kb_nendo_e=2022S
mondaiten_inf2/mondaiten_inf_excel_make.php?cd_bumon=IJA02&kb_nendo_s=2018K&kb_nendo_e=2022S
mondaiten_inf2/mondaiten_inf_chart_make.php?cd_bumon=IJA02&kb_nendo_s=2018K&kb_nendo_e=2022S

#一般申請
mail_syonin/mail_syonin_disp.php
mail_syonin/mail_syonin_grid.php
mail_syonin/mail_syonin_excel_make.php

mail_syonin/mail_syonin_disp.php?cd_type=13
mail_syonin/mail_syonin_grid.php?cd_type=13
mail_syonin/mail_syonin_excel_make.php?cd_type=13

#設備予約
setubi_yoyaku2/setubi_yoyaku_disp.php
setubi_yoyaku2/setubi_yoyaku_grid.php
setubi_yoyaku2/setubi_yoyaku_excel_make.php

setubi_yoyaku2/setubi_yoyaku_disp.php?cd_group=01
setubi_yoyaku2/setubi_yoyaku_grid.php?cd_group=01
setubi_yoyaku2/setubi_yoyaku_excel_make.php?cd_group=01

#設備予約詳細
setubi_yoyaku2/setubi_syousai_disp.php?cd_setubi=0001
setubi_yoyaku2/setubi_syousai_calendar.php?cd_setubi=0001

#設備マスタ
setubi_inf2/setubi_inf_disp.php
setubi_inf2/setubi_inf_grid.php
setubi_inf2/setubi_inf_excel_make.php

setubi_inf2/setubi_inf_disp.php?cd_group=01
setubi_inf2/setubi_inf_grid.php?cd_group=01
setubi_inf2/setubi_inf_excel_make.php?cd_group=01

setubi_inf2/setubi_inf_excel_read.php

#管理データ―部門～営業
kanri_data2/kanri_data_disp.php?cd_bumon_c=IKA00&kb_nendo=2022S&dt_yyyymm=202210

#管理データ―営業プロスペクト
kanri_data2/kanri_eigyo_prospect_excel_make.php?cd_bumon_c=IKA00&kb_nendo=2022S&dt_yyyymm=202210

#管理データ―売上充足表―環S
kanri_data2/kanri_uriage_jyusoku_excel_make.php?cd_bumon_c=IKA00&kb_nendo=2022S&dt_yyyymm=202210

#管理データ―販売集計
kanri_data2/kanri_hanbai_syukei_excel_make.php?cd_bumon_c=IKA00&kb_nendo=2022S&dt_yyyymm=202210

#管理データ―生産集計
kanri_data2/kanri_seisan_syukei_excel_make.php?cd_bumon_c=IKA00&kb_nendo=2022S&dt_yyyymm=202210

#管理データ―部門～製造
kanri_data2/kanri_data_disp.php?cd_bumon_c=IJA02&kb_nendo=2022S&dt_yyyymm=202210

#管理データ―製番損益管理表
kanri_data2/kanri_uriage_kanri_excel_make2.php?cd_bumon_c=IJA02&kb_nendo=2022S&dt_yyyymm=202210

#管理データ―製番損益管理表―環S
kanri_data2/kanri_uriage_kanri_excel_make.php?cd_bumon_c=IJA02&kb_nendo=2022S&dt_yyyymm=202210

#管理データ―注入見込
kanri_data2/kanri_cyunyu_mikomi_excel_make.php?cd_bumon_c=IJA02&kb_nendo=2022S&dt_yyyymm=202210

#管理データ―月別直課集計
kanri_data2/kanri_cyokka_mon_excel_make.php?cd_bumon_c=IJA02&kb_nendo=2022S&dt_yyyymm=202210

#管理データ―ワークフロースケジュール
kanri_data2/kanri_wf_schedule_excel_make.php?cd_bumon_c=IJA02&kb_nendo=2022S&dt_yyyymm=202210

#管理データ―量産スケジュール
kanri_data2/kanri_ryosan_schedule_excel_make.php?cd_bumon_c=IJA02&kb_nendo=2022S&dt_yyyymm=202210

#管理データ―TQM
kanri_data2/kanri_tqm_excel_make.php?cd_bumon_c=IJA02&kb_nendo=2022S&dt_yyyymm=202210

#管理データ―部門～全て
kanri_data2/kanri_data_disp.php?cd_bumon_c=all&kb_nendo=2022S&dt_yyyymm=202210

#管理データ―営業プロスペクト
kanri_data2/kanri_eigyo_prospect_excel_make.php?cd_bumon_c=all&kb_nendo=2022S&dt_yyyymm=202210

#管理データ―売上充足表―環S
kanri_data2/kanri_uriage_jyusoku_excel_make.php?cd_bumon_c=all&kb_nendo=2022S&dt_yyyymm=202210

#管理データ―販売集計
kanri_data2/kanri_hanbai_syukei_excel_make.php?cd_bumon_c=all&kb_nendo=2022S&dt_yyyymm=202210

#管理データ―生産集計
kanri_data2/kanri_seisan_syukei_excel_make.php?cd_bumon_c=all&kb_nendo=2022S&dt_yyyymm=202210

#管理データ―製番損益管理表
kanri_data2/kanri_uriage_kanri_excel_make2.php?cd_bumon_c=all&kb_nendo=2022S&dt_yyyymm=202210

#管理データ―製番損益管理表―環S
kanri_data2/kanri_uriage_kanri_excel_make.php?cd_bumon_c=all&kb_nendo=2022S&dt_yyyymm=202210

#管理データ―注入見込
kanri_data2/kanri_cyunyu_mikomi_excel_make.php?cd_bumon_c=all&kb_nendo=2022S&dt_yyyymm=202210

#管理データ―月別直課集計
kanri_data2/kanri_cyokka_mon_excel_make.php?cd_bumon_c=all&kb_nendo=2022S&dt_yyyymm=202210

#管理データ―ワークフロースケジュール
kanri_data2/kanri_wf_schedule_excel_make.php?cd_bumon_c=all&kb_nendo=2022S&dt_yyyymm=202210

#管理データ―量産スケジュール
kanri_data2/kanri_ryosan_schedule_excel_make.php?cd_bumon_c=all&kb_nendo=2022S&dt_yyyymm=202210

#管理データ―ユーザ部門～製造
kanri_data2/kanri_data_disp.php?cd_bumon_c=all&kb_nendo=2022S&dt_yyyymm=202210&cd_bumon_u=IKA02

#管理データ―注入実績
kanri_data2/kanri_cyunyu_jisseki_excel_make.php?cd_bumon_c=all&kb_nendo=2022S&dt_yyyymm=202210&cd_bumon_u=IKA02

#管理データ―勤務実績
kanri_data2/kanri_kinmu_jisseki_excel_make.php?cd_bumon_c=all&kb_nendo=2022S&dt_yyyymm=202210&cd_bumon_u=IKA02

#管理データ―ユーザ部門～複数
kanri_data2/kanri_data_disp.php?cd_bumon_c=all&kb_nendo=2022S&dt_yyyymm=202210&cd_bumon_u=

#管理データ―注入実績
kanri_data2/kanri_cyunyu_jisseki_excel_make.php?cd_bumon_c=all&kb_nendo=2022S&dt_yyyymm=202210&cd_bumon_u=

#管理データ―勤務実績
kanri_data2/kanri_kinmu_jisseki_excel_make.php?cd_bumon_c=all&kb_nendo=2022S&dt_yyyymm=202210&cd_bumon_u=

#管理表
uriage_kanri/uriage_kanri_disp.php?cd_bumon=IKA00&kb_nendo=2022S
uriage_kanri/uriage_kanri_grid1.php?cd_bumon=IKA00&kb_nendo=2022S
uriage_kanri/uriage_kanri_grid2.php?cd_bumon=IKA00&kb_nendo=2022S
uriage_kanri/uriage_kanri_excel_make.php?cd_bumon=IKA00&kb_nendo=2022S

uriage_kanri/uriage_kanri_disp.php?cd_bumon=all&kb_nendo=2022S
uriage_kanri/uriage_kanri_grid1.php?cd_bumon=all&kb_nendo=2022S
uriage_kanri/uriage_kanri_grid2.php?cd_bumon=all&kb_nendo=2022S
uriage_kanri/uriage_kanri_excel_make.php?cd_bumon=all&kb_nendo=2022S

#充足表
uriage_kanri/uriage_jyusoku_disp.php?cd_bumon=IKA00&kb_nendo=2022S
uriage_kanri/uriage_jyusoku_grid1.php?cd_bumon=IKA00&kb_nendo=2022S
uriage_kanri/uriage_jyusoku_grid2.php?cd_bumon=IKA00&kb_nendo=2022S
uriage_kanri/uriage_jyusoku_excel_make.php?cd_bumon=IKA00&kb_nendo=2022S

uriage_kanri/uriage_jyusoku_disp.php?cd_bumon=all&kb_nendo=2022S
uriage_kanri/uriage_jyusoku_grid1.php?cd_bumon=all&kb_nendo=2022S
uriage_kanri/uriage_jyusoku_grid2.php?cd_bumon=all&kb_nendo=2022S
uriage_kanri/uriage_jyusoku_excel_make.php?cd_bumon=all&kb_nendo=2022S

#業者発注
gyosya_hattyu2/gyosya_hattyu_disp.php?cd_bumon=IKA02&kb_nendo=2022S
gyosya_hattyu2/gyosya_hattyu_grid.php?cd_bumon=IKA02&kb_nendo=2022S
gyosya_hattyu2/gyosya_hattyu_excel_make.php?cd_bumon=IKA02&kb_nendo=2022S

gyosya_hattyu2/gyosya_hattyu_disp.php?cd_bumon=all&kb_nendo=2022S
gyosya_hattyu2/gyosya_hattyu_grid.php?cd_bumon=all&kb_nendo=2022S
gyosya_hattyu2/gyosya_hattyu_excel_make.php?cd_bumon=all&kb_nendo=2022S

#操作履歴
operation_hist2/operation_hist_disp.php
operation_hist2/operation_hist_grid.php

operation_hist2/operation_hist_disp.php?act=select&cd_table=1
operation_hist2/operation_hist_grid.php?act=select&cd_table=1

#操作履歴詳細検索
operation_hist2/operation_hist_search_disp.php

#メール一覧
mail_inf2/mail_inf_disp.php
mail_inf2/mail_inf_grid.php
mail_inf2/mail_inf_excel_make.php

mail_inf2/mail_inf_disp.php?type=1
mail_inf2/mail_inf_grid.php?type=1
mail_inf2/mail_inf_excel_make.php?type=1
	
#メール一覧詳細検索
mail_inf2/mail_search_disp.php

#スキル管理
skill_inf/skill_inf_disp.php?cd_bumon=IJA02&kb_nendo=2017K&cd_skill1=1000000000
skill_inf/skill_inf_grid.php?cd_bumon=IJA02&kb_nendo=2017K&cd_skill1=1000000000
skill_inf/skill_inf_excel_make.php?cd_bumon=IJA02&kb_nendo=2017K&cd_skill1=1000000000

#スキルユーザ
skill_inf/skill_userlist_disp.php?cd_tanto=87016ITC
skill_inf/skill_userlist_grid.php?cd_tanto=87016ITC
skill_inf/skill_userlist_excel_make.php?cd_tanto=87016ITC

#スキル詳細
skill_inf/skill_syousai_disp.php?kb_nendo=2017K&cd_tanto=87016ITC&cd_skill1=1000000000
skill_inf/skill_syousai_grid.php?kb_nendo=2017K&cd_tanto=87016ITC&cd_skill1=1000000000
skill_inf/skill_syousai_excel_make.php?kb_nendo=2017K&cd_tanto=87016ITC&cd_skill1=1000000000

#スキル製番
skill_inf/skill_seiban_disp.php?kb_nendo=2017K&cd_tanto=87016ITC
skill_inf/skill_seiban_grid.php?kb_nendo=2017K&cd_tanto=87016ITC
skill_inf/skill_seiban_excel_make.php?kb_nendo=2017K&cd_tanto=87016ITC

#スキル検索
skill_inf/skill_kensaku_disp.php?cd_bumon=IJA02&kb_nendo=2017K&cd_skill1=1000000000
skill_inf/skill_kensaku_grid.php?cd_bumon=IJA02&kb_nendo=2017K&cd_skill1=1000000000
skill_inf/skill_kensaku_excel_make.php?cd_bumon=IJA02&kb_nendo=2017K&cd_skill1=1000000000

#担当者マスタ
mst_tanto2/index.php?cd_bumon=IJA02
mst_tanto2/mst_tanto_grid.php?cd_bumon=IJA02

mst_tanto2/index.php?cd_bumon=all&fg_current=1
mst_tanto2/mst_tanto_grid.php?cd_bumon=all&fg_current=1

#部門マスタ
mst_bumon2/mst_bumon_disp.php
mst_bumon2/mst_bumon_grid.php

#メールCC設定
mail_cc_inf2/mail_cc_inf_disp.php
mail_cc_inf2/mail_cc_inf_grid.php

#問題点マスタ―大分類
mst_mondai2/mst_mondai_bunrui1_disp.php
mst_mondai2/mst_mondai_bunrui1_grid.php

#問題点マスタ―中分類
mst_mondai2/mst_mondai_bunrui2_disp.php
mst_mondai2/mst_mondai_bunrui2_grid.php

#問題点マスタ―小分類
mst_mondai2/mst_mondai_bunrui3_disp.php
mst_mondai2/mst_mondai_bunrui3_grid.php

#問題点マスタ
mst_mondai2/mst_mondai_excel_make.php

#スキルマスタ
mst_skill/mst_skill_disp.php
mst_skill/mst_skill_grid.php
mst_skill/mst_skill_excel_make.php

#スキル業者
mst_skill_bumon/mst_skill_bumon_disp.php
mst_skill_bumon/mst_skill_bumon_grid.php

#スキル業者担当
mst_skill_tanto/mst_skill_tanto_disp.php
mst_skill_tanto/mst_skill_tanto_grid.php

#JOB種別マスタ
mst_bunya_seizo/mst_bunya_seizo_disp.php
mst_bunya_seizo/mst_bunya_seizo_grid.php

#マイページ―申請未処理
my_page2/my_page_disp.php?cd_type=1
my_page2/my_page_grid.php?cd_type=1

#マイページ―申請受信
my_page2/my_page_disp.php?cd_type=2
my_page2/my_page_grid.php?cd_type=2

#マイページ―申請送信
my_page2/my_page_disp.php?cd_type=3
my_page2/my_page_grid.php?cd_type=3

#マイページ―注入予定
my_page2/my_page_disp.php?cd_type=4
my_page2/my_page_grid.php?cd_type=4

#マイページ―ワークフロー
my_page2/my_page_disp.php?cd_type=5
my_page2/my_page_grid.php?cd_type=5

#マイページ―設備予約
my_page2/my_page_disp.php?cd_type=6
my_page2/my_page_grid.php?cd_type=6

#マイページ―パスワード
my_page2/my_page_disp.php?cd_type=8

#マイページ―勤務時間登録
my_page2/my_page_disp.php?cd_type=9



